// Jest Snapshot v1, https://goo.gl/fbAQLP

exports[`Shelf component should match snapshot 1`] = `
<div>
  <div
    class="vtex-shelf ml7 mr7 pv4"
  >
    <div
      class="vtex-shelf__title-content w-100 flex justify-center"
    >
      <h1
        class="vtex-shelf__title-text"
      >
         
        Default Title
      </h1>
    </div>
    <div>
      <div>
        Slider
      </div>
    </div>
  </div>
</div>
`;
