// Jest Snapshot v1, https://goo.gl/fbAQLP

exports[`Shelf component should match snapshot 1`] = `
<div>
  <div
    class="ml7 mr7 pv4 vtex-shelf"
  >
    <div
      class="vtex-shelf__title-content w-100 flex justify-center"
    >
      <h1
        class="vtex-shelf__title-text"
      >
         
      </h1>
    </div>
    <div
      class="regular slider slick-initialized slick-slider"
    >
      
      <div
        class="slick-list"
      >
        <div
          class="slick-track"
          style="opacity: 1;"
        />
      </div>
      
      
    </div>
  </div>
</div>
`;
