// Jest Snapshot v1, https://goo.gl/fbAQLP

exports[`Shelf component should match snapshot 1`] = `
<div>
  <div
    class="vtex-shelf ml7 mr7 pv4"
  >
    <div
      class="vtex-shelf__title-content w-100 flex justify-center"
    >
      <h1
        class="vtex-shelf__title-text"
      >
         
      </h1>
    </div>
    <div
      class="regular slider slick-initialized slick-slider"
    >
      
      <div
        class="slick-list"
      >
        <div
          class="slick-track"
          style="opacity: 1;"
        >
          <div
            class="slick-slide slick-active slick-current vtex-shelf__slide pa4"
            data-index="0"
            style="outline: none; width: 0px;"
            tabindex="-1"
          >
            <div>
              Extension Point
            </div>
          </div>
          <div
            class="slick-slide slick-active vtex-shelf__slide pa4"
            data-index="1"
            style="outline: none; width: 0px;"
            tabindex="-1"
          >
            <div>
              Extension Point
            </div>
          </div>
          <div
            class="slick-slide slick-active vtex-shelf__slide pa4"
            data-index="2"
            style="outline: none; width: 0px;"
            tabindex="-1"
          >
            <div>
              Extension Point
            </div>
          </div>
        </div>
      </div>
      
      
    </div>
  </div>
</div>
`;
